// Jest Snapshot v1, https://goo.gl/fbAQLP

exports[`Ensure that the text field is rendered correctly 1`] = `
<View>
  <View
    className="flex flex-row"
  >
    <Text
      className="ml-2 text-lg"
    />
    <Text
      className="ml-1 text-lg text-error"
    />
  </View>
  <View
    className=""
  >
    <TextInput
      autoComplete="off"
      className="h-50 br-25 rounded-lg bg-projectWhite py-1 pl-[10px] text-base"
      keyboardType="default"
      onChangeText={null}
      passwordGuidelines={false}
      placeholder=""
      secureTextEntry={false}
    />
  </View>
</View>
`;
