// Jest Snapshot v1, https://goo.gl/fbAQLP

exports[`Ensure that the text field is rendered correctly 1`] = `
<View>
  <View
    className="relative flex flex-row flex-wrap"
  >
    <Text
      className="ml-2 text-body-regular"
    />
    <Text
      className="ml-1 text-surfaceDefaultRed text-body-regular"
    />
    <TextInput
      className="w-full rounded-lg bg-surfaceSubtleGrayscale py-4 pl-[10px] text-subtitle-regular  "
      onChangeText={[Function]}
      placeholder=""
      secureTextEntry={false}
    />
  </View>
</View>
`;
